2
6
36
-7.8309055851
-2.3612
-0.2501
0.0733
0.1621
0.1621
0.4326
